blocks:
  - name: main_source
    id: good::fixed_source
    parameters:
      denominator: 1
      event_count: 100
      name: main_source
      numerator: 1
      stride: 0
      unique_name: good::fixed_source<double>#0
      denominator::description: denominator
      denominator::documentation: "The bottom number of a fraction = numerator/denominator: decimation (fraction < 1), interpolation (fraction > 1), no effect (fraction = 1)"
      denominator::unit: ""
      denominator::visible: 0
      description: ""
      meta_information::description: meta-information
      meta_information::documentation: store non-graph-processing information like UI block position etc.
      meta_information::unit: ""
      meta_information::visible: 0
      name::description: user-defined name
      name::documentation: N.B. may not be unique -> ::unique_name
      name::unit: ""
      name::visible: 0
      numerator::description: numerator
      numerator::documentation: "The top number of a fraction = numerator/denominator: decimation (fraction < 1), interpolation (fraction > 1), no effect (fraction = 1)"
      numerator::unit: ""
      numerator::visible: 0
      stride::description: stride
      stride::documentation: "Number of samples between two data processing: overlap (stride < N), skip (stride > N), undefined-default (stride = 0)"
      stride::unit: ""
      stride::visible: 0
      unknown_property: 42
  - name: multiplier
    id: good::multiply
    parameters:
      denominator: 1
      name: multiplier
      numerator: 1
      stride: 0
      unique_name: good::multiply<double>#0
      denominator::description: denominator
      denominator::documentation: "The bottom number of a fraction = numerator/denominator: decimation (fraction < 1), interpolation (fraction > 1), no effect (fraction = 1)"
      denominator::unit: ""
      denominator::visible: 0
      description: ""
      meta_information::description: meta-information
      meta_information::documentation: store non-graph-processing information like UI block position etc.
      meta_information::unit: ""
      meta_information::visible: 0
      name::description: user-defined name
      name::documentation: N.B. may not be unique -> ::unique_name
      name::unit: ""
      name::visible: 0
      numerator::description: numerator
      numerator::documentation: "The top number of a fraction = numerator/denominator: decimation (fraction < 1), interpolation (fraction > 1), no effect (fraction = 1)"
      numerator::unit: ""
      numerator::visible: 0
      stride::description: stride
      stride::documentation: "Number of samples between two data processing: overlap (stride < N), skip (stride > N), undefined-default (stride = 0)"
      stride::unit: ""
      stride::visible: 0
  - name: counter
    id: builtin_counter
    parameters:
      denominator: 1
      name: counter
      numerator: 1
      stride: 0
      unique_name: builtin_counter<double>#0
      denominator::description: denominator
      denominator::documentation: "The bottom number of a fraction = numerator/denominator: decimation (fraction < 1), interpolation (fraction > 1), no effect (fraction = 1)"
      denominator::unit: ""
      denominator::visible: 0
      description: ""
      meta_information::description: meta-information
      meta_information::documentation: store non-graph-processing information like UI block position etc.
      meta_information::unit: ""
      meta_information::visible: 0
      name::description: user-defined name
      name::documentation: N.B. may not be unique -> ::unique_name
      name::unit: ""
      name::visible: 0
      numerator::description: numerator
      numerator::documentation: "The top number of a fraction = numerator/denominator: decimation (fraction < 1), interpolation (fraction > 1), no effect (fraction = 1)"
      numerator::unit: ""
      numerator::visible: 0
      stride::description: stride
      stride::documentation: "Number of samples between two data processing: overlap (stride < N), skip (stride > N), undefined-default (stride = 0)"
      stride::unit: ""
      stride::visible: 0
  - name: sink
    id: good::cout_sink
    parameters:
      denominator: 1
      name: sink
      numerator: 1
      stride: 0
      total_count: 100
      unique_name: good::cout_sink<double>#0
      denominator::description: denominator
      denominator::documentation: "The bottom number of a fraction = numerator/denominator: decimation (fraction < 1), interpolation (fraction > 1), no effect (fraction = 1)"
      denominator::unit: ""
      denominator::visible: 0
      description: ""
      meta_information::description: meta-information
      meta_information::documentation: store non-graph-processing information like UI block position etc.
      meta_information::unit: ""
      meta_information::visible: 0
      name::description: user-defined name
      name::documentation: N.B. may not be unique -> ::unique_name
      name::unit: ""
      name::visible: 0
      numerator::description: numerator
      numerator::documentation: "The top number of a fraction = numerator/denominator: decimation (fraction < 1), interpolation (fraction > 1), no effect (fraction = 1)"
      numerator::unit: ""
      numerator::visible: 0
      stride::description: stride
      stride::documentation: "Number of samples between two data processing: overlap (stride < N), skip (stride > N), undefined-default (stride = 0)"
      stride::unit: ""
      stride::visible: 0
      unknown_property: 42
connections:
  - [main_source, 0, multiplier, 0]
  - [multiplier, 0, counter, 0]
  - [counter, 0, sink, 0]
